C51 COMPILER V9.51   MAIN                                                                  11/20/2013 20:15:17 PAGE 1   


C51 COMPILER V9.51, COMPILATION OF MODULE MAIN
OBJECT MODULE PLACED IN .\Output\main.obj
COMPILER INVOKED BY: C:\Program Files (x86)\Keil\C51\BIN\C51.EXE Code\main.c LARGE BROWSE DEBUG OBJECTEXTEND PRINT(.\Out
                    -put\main.lst) TABS(2) OBJECT(.\Output\main.obj)

line level    source

   1          #include <intrins.h>
   2          #include <stdio.h>
   3          #include "stc15.h"
   4          #include "app.h"
   5          
   6          int main()
   7          {
   8   1        uint8 counter;
   9   1        
  10   1        init();
  11   1        
  12   1        while(1)
  13   1        {
  14   2          keyProcess();
  15   2          for(counter = 0; counter < 8; counter++)
  16   2          {
  17   3            lightUp(counter);
  18   3            ledProcess(counter);
  19   3          }
  20   2        }
  21   1        return 0;
  22   1      }


MODULE INFORMATION:   STATIC OVERLAYABLE
   CODE SIZE        =     44    ----
   CONSTANT SIZE    =   ----    ----
   XDATA SIZE       =   ----       1
   PDATA SIZE       =   ----    ----
   DATA SIZE        =   ----    ----
   IDATA SIZE       =   ----    ----
   BIT SIZE         =   ----    ----
END OF MODULE INFORMATION.


C51 COMPILATION COMPLETE.  0 WARNING(S),  0 ERROR(S)
